after a long time a again open this project and added this .txt file and added to git

created to see the staged command

# sai@SiPAyi:~/Public/SiPAyi/.learning/github tutorial$ nano afterLongTime.txt 
# sai@SiPAyi:~/Public/SiPAyi/.learning/github tutorial$ git add .
# sai@SiPAyi:~/Public/SiPAyi/.learning/github tutorial$ git status
# On branch master
# Changes to be committed:
#   (use "git restore --staged <file>..." to unstage)
#         modified:   afterLongTime.txt

# sai@SiPAyi:~/Public/SiPAyi/.learning/github tutorial$ git restore --staged afterLongTime.txt
# sai@SiPAyi:~/Public/SiPAyi/.learning/github tutorial$ git status
# On branch master
# Changes not staged for commit:
#   (use "git add <file>..." to update what will be committed)
#   (use "git restore <file>..." to discard changes in working directory)
#         modified:   afterLongTime.txt

# no changes added to commit (use "git add" and/or "git commit -a")